// Jest Snapshot v1, https://goo.gl/fbAQLP

exports[`Layout component should render correctly With default props 1`] = `
<BrowserRouter>
  <div
    className="layout"
  >
    <Switch>
      <Redirect
        exact={true}
        from="/"
        push={false}
        to="/1"
      />
      <Route
        exact={true}
        path="/1"
        render={[MockFunction]}
      />
      <Route
        exact={true}
        path="/2"
        render={[MockFunction]}
      />
      <Route
        exact={true}
        path="/3"
        render={[MockFunction]}
      />
      <Route
        render={[MockFunction]}
      />
    </Switch>
  </div>
</BrowserRouter>
`;
